[
  {
    "First": 1.1,
    "Second": 0.0
  },
  {
    "First": 2.1,
    "Second": 2.3
  }
]
