[
  {
    "First": 11,
    "Second": 12
  },
  {
    "First": 21,
    "Second": 22
  }
]
