[
  {
    "First": 11
  },
  {
    "First": 21
  }
]
