[
  {
    "First": 1.1
  },
  {
    "First": 2.1
  }
]
