[
  {
    "First": 69
  },
  {
    "First": 69
  }
]
