[
  {
    "First": 1.1,
    "Second": 1.2
  },
  {
    "First": 2.1,
    "Second": 2.2
  }
]
